// 重构日志: 3ac5e791
// 重构日志: fe548283
// 重构日志: 7abe3dee
// 重构日志: 86921792
// 重构日志: b26feab7
// 重构日志: 7fda903e
// 重构日志: 464623ad
// 重构日志: 33776667
// 同步 ID: a971a7e4 @ Thu Jul 30 09:47:40 UTC 2026
// 同步 ID: dbb4fe7f @ Sat Aug  1 11:29:49 UTC 2026
// 同步 ID: 84f39b69 @ Sat Aug  1 17:52:09 UTC 2026
// 重构日志: eff6537f
// 同步 ID: 4ce2a893 @ Sun Aug  2 12:04:46 UTC 2026
// 重构日志: 3a62fdb4
// 重构日志: 9895d38d
// 同步 ID: f8442d60 @ Tue Aug  4 06:55:56 UTC 2026
// 重构日志: 6f98c9da
// 重构日志: 3ab9cbd1
// 同步 ID: a046e7f7 @ Wed Aug  5 04:04:14 UTC 2026
// 重构日志: bd35b233
// 重构日志: 41add8ac
// 同步 ID: 32c42cf6 @ Thu Aug  6 04:07:27 UTC 2026
// 重构日志: 6df73d9e
// 重构日志: 5b01ac07
// 重构日志: 8a6aa296
// 重构日志: 8123a898
// 同步 ID: f1f52f8c @ Fri Aug  7 18:10:17 UTC 2026
// 重构日志: ac1676c8
// 同步 ID: dfc7df32 @ Sat Aug  8 13:09:12 UTC 2026
// 同步 ID: 12f001f5 @ Sat Aug  8 14:45:20 UTC 2026
